// Jest Snapshot v1, https://goo.gl/fbAQLP

exports[`QuoterV2 quotes #quoteExactInput 0 -> 2 -> 1 1`] = `279874`;

exports[`QuoterV2 quotes #quoteExactInput 0 -> 2 cross 0 tick, starting tick initialized 1`] = `123944`;

exports[`QuoterV2 quotes #quoteExactInput 0 -> 2 cross 0 tick, starting tick not initialized 1`] = `101040`;

exports[`QuoterV2 quotes #quoteExactInput 0 -> 2 cross 1 tick 1`] = `144865`;

exports[`QuoterV2 quotes #quoteExactInput 0 -> 2 cross 2 tick 1`] = `182513`;

exports[`QuoterV2 quotes #quoteExactInput 0 -> 2 cross 2 tick where after is initialized 1`] = `144903`;

exports[`QuoterV2 quotes #quoteExactInput 2 -> 0 cross 0 tick, starting tick initialized 1`] = `97690`;

exports[`QuoterV2 quotes #quoteExactInput 2 -> 0 cross 0 tick, starting tick not initialized 1`] = `93791`;

exports[`QuoterV2 quotes #quoteExactInput 2 -> 0 cross 2 1`] = `175253`;

exports[`QuoterV2 quotes #quoteExactInput 2 -> 0 cross 2 where tick after is initialized 1`] = `175261`;

exports[`QuoterV2 quotes #quoteExactInput 2 -> 1 1`] = `97365`;

exports[`QuoterV2 quotes #quoteExactInputSingle 0 -> 2 1`] = `182495`;

exports[`QuoterV2 quotes #quoteExactInputSingle 2 -> 0 1`] = `175225`;

exports[`QuoterV2 quotes #quoteExactOutput 0 -> 2 -> 1 1`] = `279474`;

exports[`QuoterV2 quotes #quoteExactOutput 0 -> 2 cross 0 tick starting tick initialized 1`] = `123463`;

exports[`QuoterV2 quotes #quoteExactOutput 0 -> 2 cross 0 tick starting tick not initialized 1`] = `100579`;

exports[`QuoterV2 quotes #quoteExactOutput 0 -> 2 cross 1 tick 1`] = `144115`;

exports[`QuoterV2 quotes #quoteExactOutput 0 -> 2 cross 2 tick 1`] = `181519`;

exports[`QuoterV2 quotes #quoteExactOutput 0 -> 2 cross 2 where tick after is initialized 1`] = `144153`;

exports[`QuoterV2 quotes #quoteExactOutput 2 -> 0 cross 1 tick 1`] = `137963`;

exports[`QuoterV2 quotes #quoteExactOutput 2 -> 0 cross 2 ticks 1`] = `175359`;

exports[`QuoterV2 quotes #quoteExactOutput 2 -> 0 cross 2 where tick after is initialized 1`] = `175353`;

exports[`QuoterV2 quotes #quoteExactOutput 2 -> 1 1`] = `97942`;

exports[`QuoterV2 quotes #quoteExactOutputSingle 0 -> 1 1`] = `105260`;

exports[`QuoterV2 quotes #quoteExactOutputSingle 1 -> 0 1`] = `98547`;
