// Jest Snapshot v1, https://goo.gl/fbAQLP

exports[`SwapRouter gas tests #exactInput 0 -> 1 -> 2 1`] = `172649`;

exports[`SwapRouter gas tests #exactInput 0 -> 1 1`] = `107867`;

exports[`SwapRouter gas tests #exactInput 0 -> 1 minimal 1`] = `98088`;

exports[`SwapRouter gas tests #exactInput 0 -> WIP9 1`] = `133857`;

exports[`SwapRouter gas tests #exactInput 2 trades (via router) 1`] = `188686`;

exports[`SwapRouter gas tests #exactInput 3 trades (directly to sender) 1`] = `258617`;

exports[`SwapRouter gas tests #exactInput WIP9 -> 0 1`] = `112425`;

exports[`SwapRouter gas tests #exactInputSingle 0 -> 1 1`] = `107222`;

exports[`SwapRouter gas tests #exactInputSingle 0 -> WIP9 1`] = `133206`;

exports[`SwapRouter gas tests #exactInputSingle WIP9 -> 0 1`] = `111780`;

exports[`SwapRouter gas tests #exactOutput 0 -> 1 -> 2 1`] = `169266`;

exports[`SwapRouter gas tests #exactOutput 0 -> 1 1`] = `111741`;

exports[`SwapRouter gas tests #exactOutput 0 -> WIP9 1`] = `135020`;

exports[`SwapRouter gas tests #exactOutput WIP9 -> 0 1`] = `125981`;

exports[`SwapRouter gas tests #exactOutputSingle 0 -> 1 1`] = `111929`;

exports[`SwapRouter gas tests #exactOutputSingle 0 -> WIP9 1`] = `135208`;

exports[`SwapRouter gas tests #exactOutputSingle WIP9 -> 0 1`] = `120632`;

exports[`SwapRouter gas tests 3 trades (directly to sender) 1`] = `179312`;
